============================================================
测试信号显示修复
============================================================

1. 创建SHORT_FAILURE测试信号...
d:\files\crypto\monitor_tpo\.venv\Scripts\python.e
xe : Traceback (most recent call last):
所在位置 行:1 字符: 1
+ d:\files\crypto\monitor_tpo\.venv\Scripts\python
.exe test_signal_fixe ...
+ ~~~~~~~~~~~~~~~~~~~~~~~~~~~~~~~~~~~~~~~~~~~~~~~~
~~~~~~~~~~~~~~~~~~~~~
    + CategoryInfo          : NotSpecified: (Trac 
   eback (most recent call last)::String) [], Re  
  moteException
    + FullyQualifiedErrorId : NativeCommandError
 
  File "D:\files\crypto\monitor_tpo\test_signal_fi
xes.py", line 69, in <module>
    print("\u2705 信号创建成功")
  File "D:\files\crypto\monitor_tpo\.venv\Lib\site
-packages\colorama\ansitowin32.py", line 47, in wr
ite
    self.__convertor.write(text)
  File "D:\files\crypto\monitor_tpo\.venv\Lib\site
-packages\colorama\ansitowin32.py", line 177, in w
rite
    self.write_and_convert(text)
  File "D:\files\crypto\monitor_tpo\.venv\Lib\site
-packages\colorama\ansitowin32.py", line 205, in w
rite_and_convert
    self.write_plain_text(text, cursor, len(text))
  File "D:\files\crypto\monitor_tpo\.venv\Lib\site
-packages\colorama\ansitowin32.py", line 210, in w
rite_plain_text
    self.wrapped.write(text[start:end])
UnicodeEncodeError: 'gbk' codec can't encode chara
cter '\u2705' in position 0: illegal multibyte seq
uence
